===============================================
    Digital Wallet System Re-testing
===============================================

Starting comprehensive system re-testing process
Test execution timestamp: Sun 08/31/2025 11:42:20.81

[Phase 1] Infrastructure and Deployment Verification
===============================================
Verifying Main API deployment status...
Status:200 Time:0.248856s
Main API Status: OPERATIONAL

Verifying Banking Worker deployment...
Status:200 Time:0.262455s
Banking Worker Status: OPERATIONAL

Verifying Security Worker deployment...
Status:200 Time:0.240735s
Security Worker Status: OPERATIONAL

[Phase 2] Database System and Performance Verification
===============================================
Testing database connectivity and schema...
